current directory: /Users/vinhhuynh/Development/AI/ai-platform/apps/AINoteRN/vendor/bundle/ruby/3.3.0/gems/nkf-0.3.0/ext/nkf
/Users/vinhhuynh/.rbenv/versions/3.3.5/bin/ruby extconf.rb
creating Makefile

current directory: /Users/vinhhuynh/Development/AI/ai-platform/apps/AINoteRN/vendor/bundle/ruby/3.3.0/gems/nkf-0.3.0/ext/nkf
make DESTDIR\= sitearchdir\=./.gem.20260731-16785-neobz3 sitelibdir\=./.gem.20260731-16785-neobz3 clean

current directory: /Users/vinhhuynh/Development/AI/ai-platform/apps/AINoteRN/vendor/bundle/ruby/3.3.0/gems/nkf-0.3.0/ext/nkf
make DESTDIR\= sitearchdir\=./.gem.20260731-16785-neobz3 sitelibdir\=./.gem.20260731-16785-neobz3
compiling nkf.c
In file included from nkf.c:14:
In file included from /Users/vinhhuynh/.rbenv/versions/3.3.5/include/ruby-3.3.0/ruby/ruby.h:28:
In file included from /Users/vinhhuynh/.rbenv/versions/3.3.5/include/ruby-3.3.0/ruby/internal/arithmetic.h:24:
In file included from /Users/vinhhuynh/.rbenv/versions/3.3.5/include/ruby-3.3.0/ruby/internal/arithmetic/char.h:29:
/Users/vinhhuynh/.rbenv/versions/3.3.5/include/ruby-3.3.0/ruby/internal/core/rstring.h:398:24: warning: default initialization of an object of type 'struct RString' with const member leaves the object uninitialized [-Wdefault-const-init-field-unsafe]
  398 |         struct RString retval;
      |                        ^
/Users/vinhhuynh/.rbenv/versions/3.3.5/include/ruby-3.3.0/ruby/internal/core/rbasic.h:88:17: note: member 'klass' declared 'const' here
   88 |     const VALUE klass;
      |                 ^
1 warning generated.
linking shared-object nkf.bundle

current directory: /Users/vinhhuynh/Development/AI/ai-platform/apps/AINoteRN/vendor/bundle/ruby/3.3.0/gems/nkf-0.3.0/ext/nkf
make DESTDIR\= sitearchdir\=./.gem.20260731-16785-neobz3 sitelibdir\=./.gem.20260731-16785-neobz3 install
/opt/homebrew/bin/ginstall -c -m 0755 nkf.bundle ./.gem.20260731-16785-neobz3

current directory: /Users/vinhhuynh/Development/AI/ai-platform/apps/AINoteRN/vendor/bundle/ruby/3.3.0/gems/nkf-0.3.0/ext/nkf
make DESTDIR\= sitearchdir\=./.gem.20260731-16785-neobz3 sitelibdir\=./.gem.20260731-16785-neobz3 clean
