current directory: /Users/vinhhuynh/Development/AI/ai-platform/apps/AINoteRN/vendor/bundle/ruby/3.3.0/gems/bigdecimal-4.1.2/ext/bigdecimal
/Users/vinhhuynh/.rbenv/versions/3.3.5/bin/ruby extconf.rb
checking for __builtin_clz()... yes
checking for __builtin_clzl()... yes
checking for __builtin_clzll()... yes
checking for float.h... yes
checking for math.h... yes
checking for stdbool.h... yes
checking for stdlib.h... yes
checking for x86intrin.h... no
checking for intrin.h... no
checking for ruby/atomic.h... yes
checking for ruby/internal/has/builtin.h... yes
checking for ruby/internal/static_assert.h... yes
checking for rb_complex_real() in ruby.h... yes
checking for rb_complex_imag() in ruby.h... yes
checking for rb_opts_exception_p() in ruby.h... yes
checking for rb_category_warn() in ruby.h... yes
checking for RB_WARN_CATEGORY_DEPRECATED in ruby.h... yes
checking for RUBY_TYPED_EMBEDDABLE in ruby.h... yes
creating Makefile

current directory: /Users/vinhhuynh/Development/AI/ai-platform/apps/AINoteRN/vendor/bundle/ruby/3.3.0/gems/bigdecimal-4.1.2/ext/bigdecimal
make DESTDIR\= sitearchdir\=./.gem.20260731-16785-29ykvh sitelibdir\=./.gem.20260731-16785-29ykvh clean

current directory: /Users/vinhhuynh/Development/AI/ai-platform/apps/AINoteRN/vendor/bundle/ruby/3.3.0/gems/bigdecimal-4.1.2/ext/bigdecimal
make DESTDIR\= sitearchdir\=./.gem.20260731-16785-29ykvh sitelibdir\=./.gem.20260731-16785-29ykvh
compiling bigdecimal.c
In file included from bigdecimal.c:11:
In file included from ./bigdecimal.h:13:
In file included from /Users/vinhhuynh/.rbenv/versions/3.3.5/include/ruby-3.3.0/ruby/ruby.h:28:
In file included from /Users/vinhhuynh/.rbenv/versions/3.3.5/include/ruby-3.3.0/ruby/internal/arithmetic.h:24:
In file included from /Users/vinhhuynh/.rbenv/versions/3.3.5/include/ruby-3.3.0/ruby/internal/arithmetic/char.h:29:
/Users/vinhhuynh/.rbenv/versions/3.3.5/include/ruby-3.3.0/ruby/internal/core/rstring.h:398:24: warning: default initialization of an object of type 'struct RString' with const member leaves the object uninitialized [-Wdefault-const-init-field-unsafe]
  398 |         struct RString retval;
      |                        ^
/Users/vinhhuynh/.rbenv/versions/3.3.5/include/ruby-3.3.0/ruby/internal/core/rbasic.h:88:17: note: member 'klass' declared 'const' here
   88 |     const VALUE klass;
      |                 ^
1 warning generated.
compiling missing.c
In file included from missing.c:1:
In file included from /Users/vinhhuynh/.rbenv/versions/3.3.5/include/ruby-3.3.0/ruby/ruby.h:28:
In file included from /Users/vinhhuynh/.rbenv/versions/3.3.5/include/ruby-3.3.0/ruby/internal/arithmetic.h:24:
In file included from /Users/vinhhuynh/.rbenv/versions/3.3.5/include/ruby-3.3.0/ruby/internal/arithmetic/char.h:29:
/Users/vinhhuynh/.rbenv/versions/3.3.5/include/ruby-3.3.0/ruby/internal/core/rstring.h:398:24: warning: default initialization of an object of type 'struct RString' with const member leaves the object uninitialized [-Wdefault-const-init-field-unsafe]
  398 |         struct RString retval;
      |                        ^
/Users/vinhhuynh/.rbenv/versions/3.3.5/include/ruby-3.3.0/ruby/internal/core/rbasic.h:88:17: note: member 'klass' declared 'const' here
   88 |     const VALUE klass;
      |                 ^
1 warning generated.
linking shared-object bigdecimal.bundle

current directory: /Users/vinhhuynh/Development/AI/ai-platform/apps/AINoteRN/vendor/bundle/ruby/3.3.0/gems/bigdecimal-4.1.2/ext/bigdecimal
make DESTDIR\= sitearchdir\=./.gem.20260731-16785-29ykvh sitelibdir\=./.gem.20260731-16785-29ykvh install
/opt/homebrew/bin/ginstall -c -m 0755 bigdecimal.bundle ./.gem.20260731-16785-29ykvh

current directory: /Users/vinhhuynh/Development/AI/ai-platform/apps/AINoteRN/vendor/bundle/ruby/3.3.0/gems/bigdecimal-4.1.2/ext/bigdecimal
make DESTDIR\= sitearchdir\=./.gem.20260731-16785-29ykvh sitelibdir\=./.gem.20260731-16785-29ykvh clean
